files/101.csv
id,week,center_id,meal_id,checkout_price,base_price,emailer_for_promotion,homepage_featured,num_orders
1418622,1,101,2539,133.89,132.89,0,0,121
1300127,2,101,2539,135.83,135.83,0,0,202
1034510,3,101,2539,137.8,137.8,0,0,230
1219414,4,101,2539,135.86,133.86,0,0,312
1020153,5,101,2539,145.5,145.5,0,0,325
1322695,6,101,2539,147.5,146.5,0,0,325
1171546,7,101,2539,146.53,144.53,0,0,298
1320372,8,101,2539,145.5,146.5,0,0,188
1004439,9,101,2539,145.5,145.5,0,0,244
1112489,10,101,2539,144.53,144.53,0,0,229
1361448,11,101,2539,145.5,147.5,0,0,162
1211814,12,101,2539,147.5,146.5,0,0,204
1286866,13,101,2539,144.53,146.53,0,0,256
1017702,14,101,2539,145.53,146.53,0,1,134
1361321,15,101,2539,121.25,146.53,0,0,231
1184161,16,101,2539,110.58,146.53,0,0,123
1122947,17,101,2539,121.28,144.53,0,0,163
1423924,18,101,2539,123.25,146.53,0,0,229
1184682,19,101,2539,121.31,145.53,0,0,204
1182453,20,101,2539,123.25,146.53,0,0,150
1128927,21,101,2539,120.28,121.28,0,0,176
1230175,22,101,2539,122.25,121.25,0,0,230
1186322,23,101,2539,121.25,121.25,0,1,283
1134850,24,101,2539,121.25,121.25,0,1,229
1392208,25,101,2539,121.28,123.25,0,1,312
1078180,26,101,2539,120.31,121.25,0,1,419
1261012,27,101,2539,121.31,121.31,0,0,231
1448672,28,101,2539,121.28,121.28,0,0,351
1299492,29,101,2539,123.25,122.25,0,0,190
1444002,30,101,2539,120.28,120.28,0,0,121
1297848,31,101,2539,147.5,145.5,0,0,134
1363642,32,101,2539,144.53,144.53,0,0,189
1354936,33,101,2539,146.5,146.5,0,0,80
1370215,34,101,2539,144.53,144.53,0,0,162
1480293,35,101,2539,144.56,146.53,0,1,244
1428881,36,101,2539,143.56,146.53,0,1,190
1242839,37,101,2539,146.5,144.53,0,1,148
1336863,38,101,2539,146.5,146.53,0,1,297
1307765,39,101,2539,142.62,146.53,0,1,458
1283160,40,101,2539,143.59,146.53,0,1,715
1471005,41,101,2539,144.56,143.56,0,0,337
1336317,42,101,2539,144.53,145.53,0,0,337
1112635,43,101,2539,145.5,145.5,0,0,257
1068867,44,101,2539,143.56,144.56,0,0,392
1148828,45,101,2539,145.5,146.5,0,0,161
1317195,46,101,2539,144.56,145.56,0,0,539
1069701,47,101,2539,141.62,142.62,0,0,365
1353217,48,101,2539,120.31,141.62,0,0,447
1370914,49,101,2539,122.25,143.62,0,0,432
1485816,50,101,2539,121.28,141.62,0,0,499
1184986,51,101,2539,119.34,143.62,0,0,269
1159083,52,101,2539,121.28,141.62,1,0,257
1279621,53,101,2539,122.25,143.62,1,0,770
1314910,54,101,2539,123.25,142.62,0,0,324
1363120,55,101,2539,122.25,143.62,0,0,501
1301548,56,101,2539,122.22,124.22,0,0,391
1028627,57,101,2539,145.53,124.22,0,1,580
1363000,58,101,2539,144.53,144.53,0,0,458
1434104,59,101,2539,145.53,146.53,0,0,447
1363578,60,101,2539,144.53,145.53,0,0,460
1215682,61,101,2539,143.59,144.53,0,1,447
1229962,62,101,2539,144.53,146.53,0,1,136
1405551,63,101,2539,141.62,144.53,0,1,485
1337151,64,101,2539,145.5,146.5,0,0,284
1244042,65,101,2539,143.59,143.59,0,0,431
1013206,66,101,2539,145.5,144.59,0,1,513
1376831,67,101,2539,144.59,143.59,0,1,297
1079798,68,101,2539,146.53,143.59,0,1,365
1191666,69,101,2539,147.5,142.59,0,1,445
1373860,70,101,2539,142.59,142.59,0,1,593
1216740,71,101,2539,145.53,144.59,0,1,499
1034416,72,101,2539,144.53,144.59,0,1,528
1166733,73,101,2539,145.53,145.53,0,0,404
1034983,74,101,2539,145.5,147.5,0,0,404
1432948,75,101,2539,145.5,146.5,0,0,472
1007502,76,101,2539,143.56,145.56,0,0,366
1037678,77,101,2539,146.5,147.5,0,0,270
1219290,78,101,2539,147.5,145.5,0,0,418
1039657,79,101,2539,144.53,144.53,0,0,433
1169819,80,101,2539,143.56,145.56,0,0,419
1117971,81,101,2539,145.53,146.53,0,0,284
1285521,82,101,2539,143.56,143.56,0,0,351
1326322,83,101,2539,146.53,144.53,0,0,296
1002147,84,101,2539,144.53,144.53,0,0,351
1376500,85,101,2539,146.5,147.5,0,0,406
1061929,86,101,2539,146.5,145.5,0,0,204
1358030,87,101,2539,147.5,147.5,0,0,445
1430252,88,101,2539,147.5,147.5,0,0,418
1459950,89,101,2539,146.5,145.5,0,0,487
1151764,90,101,2539,147.5,145.5,0,0,242
1482290,91,101,2539,145.53,145.53,0,0,285
1384361,92,101,2539,145.53,146.53,0,0,459
1314325,93,101,2539,146.5,146.5,0,0,406
1290226,94,101,2539,145.56,143.56,0,0,378
1411787,95,101,2539,144.53,145.53,0,0,296
1108417,96,101,2539,145.53,146.53,0,0,337
1394261,97,101,2539,145.5,147.5,0,0,284
1208918,98,101,2539,145.53,145.53,0,0,420
1138747,99,101,2539,150.35,150.35,0,0,284
1325744,100,101,2539,148.41,148.41,0,0,379
1163178,101,101,2539,148.41,148.41,0,0,352
1206943,102,101,2539,150.38,150.38,0,0,337
1112284,103,101,2539,149.44,148.44,0,0,148
1160427,104,101,2539,150.41,148.41,0,0,527
1357736,105,101,2539,151.38,150.38,0,0,406
1068690,106,101,2539,148.41,150.41,0,0,324
1387778,107,101,2539,144.56,144.56,0,0,230
1365739,108,101,2539,146.47,148.47,0,0,162
1094928,109,101,2539,146.47,147.47,0,0,350
1069201,110,101,2539,152.35,151.35,0,0,96
1132085,111,101,2539,149.41,149.41,0,0,53
1011548,112,101,2539,144.56,143.56,0,0,26
1251310,113,101,2539,149.38,151.38,0,0,176
1068908,114,101,2539,151.35,151.35,0,0,107
1473002,115,101,2539,152.35,151.35,0,0,80
1053356,116,101,2539,152.35,150.35,0,0,202
1178673,117,101,2539,150.35,151.35,0,0,161
1318176,118,101,2539,152.35,150.35,0,0,135
1374024,119,101,2539,152.35,151.35,0,0,177
1388265,120,101,2539,151.35,151.35,0,0,123
1287890,121,101,2539,150.35,150.35,0,0,161
1439238,122,101,2539,150.35,151.35,0,0,189
1282675,123,101,2539,150.35,152.35,0,0,162
1260239,124,101,2539,150.35,152.35,0,0,189
1233999,125,101,2539,151.35,150.35,0,0,123
1471340,126,101,2539,152.35,150.35,0,0,270
1232071,127,101,2539,152.35,151.35,0,0,256
1372402,128,101,2539,152.35,152.35,0,0,230
1319656,129,101,2539,151.35,150.35,0,0,150
1347603,130,101,2539,152.35,152.35,0,0,162
1258968,131,101,2539,152.35,150.35,0,0,190
1382172,132,101,2539,152.35,150.35,0,0,217
1203517,133,101,2539,149.38,149.38,0,0,190
1073551,134,101,2539,149.38,150.38,0,0,204
1428460,135,101,2539,150.35,151.35,0,0,53
1167628,136,101,2539,151.35,152.35,0,0,175
1324425,137,101,2539,155.23,154.23,0,0,108
1370690,138,101,2539,154.23,155.23,0,0,135
1430402,139,101,2539,150.35,150.35,0,0,188
1207049,140,101,2539,151.35,152.35,0,0,284
1095587,141,101,2539,150.35,151.35,0,0,148
1330230,142,101,2539,151.38,149.38,0,0,189
1052489,143,101,2539,152.35,150.35,0,0,123
1447705,144,101,2539,151.35,152.35,0,0,230
1127600,145,101,2539,158.11,158.11,0,0,177
1412973,1,101,2139,340.5,437.53,0,0,40
1224299,2,101,2139,340.5,437.53,0,0,14
1239660,3,101,2139,340.5,437.53,0,0,55
1436234,5,101,2139,435.53,436.53,0,1,13
1145771,6,101,2139,436.53,437.53,0,1,14
1316763,10,101,2139,389.03,436.53,0,0,15
1251501,11,101,2139,389.03,436.53,0,0,26
1022261,12,101,2139,388.03,436.53,0,0,13
1004697,13,101,2139,435.53,436.53,0,0,28
1089063,15,101,2139,435.53,435.53,0,0,13
1241438,18,101,2139,435.53,437.53,0,0,13
1376162,22,101,2139,298.82,436.53,0,0,28
1324171,23,101,2139,297.82,435.53,0,0,15
1323103,25,101,2139,297.82,435.53,0,0,26
1008036,26,101,2139,296.82,437.53,0,0,26
1468647,27,101,2139,298.82,437.53,0,0,14
1492863,28,101,2139,291,435.53,0,0,42
1285001,29,101,2139,292.94,294.94,0,0,42
1015723,30,101,2139,291,292,0,0,42
1056746,31,101,2139,263.9,293,0,0,14
1130998,35,101,2139,298.82,296.82,0,0,68
1420333,37,101,2139,298.82,298.82,0,0,40
1470399,38,101,2139,298.82,297.82,0,0,26
1091013,39,101,2139,296.82,298.82,0,0,15
1143481,40,101,2139,282.27,282.27,0,0,26
1128547,42,101,2139,298.82,297.82,0,0,15
1449843,44,101,2139,297.82,297.82,0,0,42
1485570,45,101,2139,288.12,289.12,0,0,41
1187914,47,101,2139,298.82,297.82,0,0,42
1101060,48,101,2139,296.82,297.82,0,0,14
1319728,49,101,2139,297.82,298.82,0,0,14
1110435,51,101,2139,296.82,298.82,0,0,14
1309678,52,101,2139,298.82,296.82,0,0,14
1136299,53,101,2139,298.82,298.82,0,0,68
1477048,55,101,2139,298.82,296.82,0,0,15
1446541,56,101,2139,296.82,298.82,0,0,15
1369727,57,101,2139,298.82,296.82,0,0,14
1349969,58,101,2139,298.82,298.82,0,0,54
1421620,59,101,2139,296.82,296.82,0,0,27
1161284,60,101,2139,291.06,290.06,0,0,55
1077363,61,101,2139,297.82,296.82,0,0,28
1019694,62,101,2139,290.03,292.03,0,0,14
1240006,63,101,2139,291.03,290.03,0,0,15
1491501,64,101,2139,290.03,290.03,0,0,55
1286813,65,101,2139,292.03,290.03,0,0,26
1345165,66,101,2139,290.03,291.03,0,0,40
1058789,67,101,2139,291.03,290.03,0,0,42
1169079,68,101,2139,290.03,291.03,0,0,13
1037832,69,101,2139,292.03,291.03,0,0,28
1385857,71,101,2139,290.03,291.03,0,0,14
1086980,73,101,2139,291.03,290.03,0,0,13
1255332,74,101,2139,292.03,292.03,0,0,26
1053867,75,101,2139,292.03,292.03,0,0,28
1406560,76,101,2139,292.03,291.03,0,0,42
1080224,77,101,2139,309.49,308.49,0,0,42
1136881,79,101,2139,309.49,309.49,0,0,14
1162537,81,101,2139,291.97,293.97,0,0,28
1490234,82,101,2139,309.49,309.49,0,0,41
1433806,83,101,2139,307.49,307.49,0,0,68
1016377,84,101,2139,307.49,307.49,0,0,15
1399470,85,101,2139,308.49,307.49,0,0,14
1140532,86,101,2139,308.49,309.49,0,0,26
1309553,88,101,2139,307.49,308.49,0,0,26
1167292,89,101,2139,307.49,307.49,0,0,14
1120253,90,101,2139,308.49,308.49,0,0,26
1058540,91,101,2139,308.49,307.49,0,0,27
1113064,93,101,2139,309.49,309.49,0,0,54
1371542,95,101,2139,309.49,309.49,0,0,27
1072297,98,101,2139,307.49,307.49,0,0,27
1069872,99,101,2139,307.49,308.49,0,0,13
1080521,100,101,2139,307.49,309.49,0,0,40
1045803,105,101,2139,291.03,292.03,0,0,55
1228018,106,101,2139,272.63,271.63,0,0,42
1161044,107,101,2139,290.03,290.03,0,0,40
1008889,108,101,2139,292.03,291.03,0,0,27
1069102,109,101,2139,309.49,309.49,0,0,54
1488662,110,101,2139,309.49,307.49,0,0,28
1251189,111,101,2139,308.49,307.49,0,0,13
1168669,112,101,2139,278.45,308.49,0,0,28
1449923,113,101,2139,308.49,308.49,0,0,28
1162356,114,101,2139,308.49,309.49,0,0,53
1360689,116,101,2139,307.49,308.49,0,0,26
1137963,118,101,2139,309.49,307.49,0,0,54
1446040,119,101,2139,307.49,307.49,0,0,13
1243248,120,101,2139,309.49,309.49,0,0,27
1090794,121,101,2139,291.03,292.03,0,0,28
1456439,122,101,2139,290.03,292.03,0,0,28
1272681,123,101,2139,290.03,291.03,0,0,15
1195805,124,101,2139,292.03,292.03,0,0,13
1415665,125,101,2139,291.03,290.03,0,0,28
1274235,126,101,2139,292.03,290.03,0,0,15
1052802,127,101,2139,310.43,309.43,0,0,41
1032000,128,101,2139,291.03,290.03,0,0,54
1421205,129,101,2139,291.03,290.03,0,0,54
1174557,131,101,2139,321.13,319.13,0,0,69
1119286,132,101,2139,319.13,321.13,0,0,26
1215767,133,101,2139,321.13,320.13,0,0,14
1341597,134,101,2139,287.12,320.13,0,0,15
1104758,135,101,2139,304.61,304.61,0,0,27
1390592,136,101,2139,319.13,319.13,0,0,28
1388651,137,101,2139,321.13,319.13,0,0,14
1212979,138,101,2139,321.13,319.13,0,0,69
1251227,140,101,2139,290.03,290.03,0,0,26
1435694,142,101,2139,284.24,284.24,0,0,54
1359058,143,101,2139,282.33,281.33,0,0,40
1096635,144,101,2139,291.03,291.03,0,0,54
1349907,145,101,2139,291.03,290.03,0,0,15
1489839,1,101,1248,251.23,251.23,0,0,41
1326005,2,101,1248,98,253.23,1,1,296
1250345,3,101,1248,98.03,253.23,0,0,150
1257653,4,101,1248,99,252.23,0,0,94
1118543,5,101,1248,99,253.23,0,0,26
1149373,6,101,1248,252.23,252.23,0,0,15
1292926,9,101,1248,253.23,253.23,0,0,42
1107172,10,101,1248,252.23,251.23,0,0,26
1449309,12,101,1248,253.23,251.23,0,0,14
1374551,15,101,1248,96.03,252.23,1,0,95
1047875,16,101,1248,97.06,251.23,0,0,53
1298223,17,101,1248,99,252.23,0,0,42
1124818,18,101,1248,99,252.23,0,0,53
1496617,19,101,1248,253.23,251.23,0,0,26
1461735,20,101,1248,251.23,251.23,0,0,13
1018300,21,101,1248,220.25,253.23,0,0,42
1438268,22,101,1248,150.38,251.23,0,0,53
1130166,23,101,1248,152.35,251.23,1,0,80
1048781,24,101,1248,117.4,251.23,0,1,149
1349708,25,101,1248,134.83,251.23,0,1,40
1105796,26,101,1248,117.43,251.23,0,0,123
1300380,27,101,1248,97,252.23,0,0,28
1449452,28,101,1248,98,253.23,0,0,28
1318622,29,101,1248,97,251.23,0,0,41
1194503,30,101,1248,155.26,154.26,0,0,68
1489962,31,101,1248,153.26,155.26,0,0,28
1044306,32,101,1248,150.41,148.41,0,0,40
1465268,33,101,1248,153.26,155.26,0,0,67
1306332,34,101,1248,153.26,153.26,0,0,54
1213822,35,101,1248,153.26,155.26,0,0,82
1408276,36,101,1248,155.26,154.26,0,0,80
1443775,37,101,1248,154.26,154.26,0,0,80
1037960,38,101,1248,155.26,153.26,0,0,55
1189087,39,101,1248,153.26,153.26,0,0,68
1474567,40,101,1248,155.26,153.26,0,0,136
1176109,41,101,1248,155.26,155.26,0,0,28
1120020,42,101,1248,153.26,154.26,0,0,82
1236641,43,101,1248,155.26,154.26,0,0,42
1230697,44,101,1248,153.26,154.26,0,0,82
1247145,45,101,1248,155.26,155.26,0,0,26
1096289,47,101,1248,154.26,153.26,0,0,55
1460238,48,101,1248,154.26,153.26,0,0,69
1116512,49,101,1248,153.26,155.26,0,0,55
1337894,50,101,1248,155.26,153.26,0,0,42
1355818,51,101,1248,155.26,154.26,0,0,28
1265340,52,101,1248,153.26,154.26,0,0,27
1318305,53,101,1248,153.26,154.26,0,0,82
1071666,54,101,1248,154.26,153.26,0,0,40
1028502,55,101,1248,154.26,155.26,0,0,40
1473678,56,101,1248,155.26,153.26,0,0,42
1320417,57,101,1248,153.26,155.26,0,0,28
1335228,58,101,1248,153.26,154.26,0,0,40
1206847,59,101,1248,155.26,154.26,0,0,28
1384346,60,101,1248,153.26,153.26,0,0,27
1466919,61,101,1248,154.26,153.26,0,0,96
1166201,62,101,1248,148.41,148.41,0,0,28
1148490,63,101,1248,153.26,155.26,0,0,67
1281361,64,101,1248,154.26,155.26,0,0,40
1261431,65,101,1248,154.26,153.26,0,0,40
1017407,66,101,1248,153.26,154.26,0,0,40
1178946,67,101,1248,153.26,154.26,0,1,40
1335224,68,101,1248,98,153.26,1,1,108
1405761,69,101,1248,97,154.26,0,1,271
1490387,70,101,1248,98,154.26,0,0,53
1034641,71,101,1248,99,155.26,0,0,67
1062068,72,101,1248,153.26,155.26,0,0,28
1383061,73,101,1248,155.26,154.26,0,0,26
1251897,74,101,1248,155.26,154.26,0,0,68
1225882,75,101,1248,154.26,155.26,0,0,28
1426305,76,101,1248,153.26,154.26,0,0,95
1005742,77,101,1248,95.06,154.26,0,0,53
1304255,78,101,1248,97.06,154.26,0,0,67
1059252,79,101,1248,99,153.26,0,0,53
1466589,80,101,1248,99,155.26,0,0,41
1493129,81,101,1248,155.26,155.26,0,0,68
1411253,82,101,1248,153.26,155.26,0,0,41
1326783,83,101,1248,155.26,155.26,0,0,67
1071870,84,101,1248,154.26,153.26,0,0,27
1049812,85,101,1248,96.06,154.26,1,1,121
1122527,86,101,1248,95.06,153.26,0,0,162
1069457,87,101,1248,97,153.26,0,0,26
1079395,88,101,1248,109.64,153.26,0,0,135
1096725,89,101,1248,98,153.26,0,0,107
1048308,90,101,1248,155.26,153.26,0,0,27
1463733,91,101,1248,155.26,155.26,0,0,41
1313630,92,101,1248,150.35,150.35,0,0,81
1001243,93,101,1248,153.26,154.26,0,0,15
1177516,95,101,1248,153.26,153.26,0,0,28
1427936,96,101,1248,153.32,151.32,0,0,95
1012326,97,101,1248,153.26,154.26,0,0,27
1108994,98,101,1248,154.26,155.26,0,0,40
1189648,99,101,1248,151.38,150.38,0,0,55
1441024,100,101,1248,99,149.38,0,0,54
1445804,101,101,1248,103.85,149.38,0,0,108
1299992,102,101,1248,98,151.38,0,0,80
1460166,103,101,1248,97,151.38,0,0,14
1096055,104,101,1248,95.06,149.38,0,0,14
1105190,105,101,1248,106.76,149.38,0,0,176
1307470,106,101,1248,155.26,153.26,0,0,107
1053364,107,101,1248,155.26,154.26,0,0,67
1156367,108,101,1248,152.35,151.35,0,0,69
1060619,109,101,1248,155.26,153.26,0,0,55
1140554,110,101,1248,155.26,155.26,0,0,53
1148126,111,101,1248,153.26,153.26,0,0,68
1383753,112,101,1248,151.38,151.38,0,0,108
1446619,113,101,1248,150.35,151.35,0,0,68
1432606,114,101,1248,150.41,148.41,0,0,41
1471593,115,101,1248,155.26,153.26,0,0,55
1497118,116,101,1248,155.26,153.26,0,0,41
1014854,117,101,1248,155.26,155.26,0,0,40
1055125,118,101,1248,155.26,155.26,0,0,27
1034955,119,101,1248,155.26,155.26,0,0,14
1103665,120,101,1248,154.26,154.26,0,0,13
1127805,121,101,1248,98.03,154.26,1,0,123
1010440,122,101,1248,99,155.26,0,0,96
1207697,124,101,1248,95.06,154.26,0,0,150
1423434,125,101,1248,165.93,164.93,0,0,27
1053944,127,101,1248,164.93,164.93,0,0,28
1218870,128,101,1248,165.93,163.93,0,0,15
1368604,129,101,1248,164.93,163.93,0,0,68
1246316,130,101,1248,164.93,165.93,0,0,28
1215363,131,101,1248,161.05,162.05,0,0,54
1143067,132,101,1248,164.93,164.93,0,0,27
1461622,133,101,1248,164.93,164.93,0,0,13
1470892,134,101,1248,96.03,163.93,1,1,121
1197585,135,101,1248,100.88,164.93,0,1,202
1213356,136,101,1248,97,165.93,0,0,67
1041519,137,101,1248,94.09,165.93,0,0,95
1024377,138,101,1248,99,163.93,0,0,42
1102926,139,101,1248,97,164.93,0,0,121
1134955,140,101,1248,97,165.93,0,0,123
1151474,141,101,1248,163.93,164.93,0,0,28
1436922,142,101,1248,164.93,165.93,0,0,68
1014191,143,101,1248,165.93,164.93,0,0,13
1273654,145,101,1248,157.17,156.17,0,0,26
