files/101.csv
id,week,center_id,meal_id,checkout_price,base_price,emailer_for_promotion,homepage_featured,num_orders
1005164,1,101,1230,321.07,386.06,0,1,1026
1232428,2,101,1230,321.07,387.06,0,1,729
1042461,3,101,1230,321.1,386.06,1,0,824
1313568,4,101,1230,321.07,387.06,0,1,824
1198387,5,101,1230,387.09,385.09,0,0,351
1194918,6,101,1230,382.21,382.21,0,0,325
1414304,7,101,1230,388.03,388.03,0,0,188
1456404,8,101,1230,389,389,0,0,67
1284434,9,101,1230,390.94,390.94,0,0,378
1032767,10,101,1230,383.18,383.18,0,0,338
1139159,11,101,1230,381.24,381.24,0,0,204
1183315,12,101,1230,385.09,385.09,0,0,161
1478503,13,101,1230,388.06,386.06,0,0,311
1278702,14,101,1230,326.89,387.06,1,0,406
1480455,15,101,1230,323.07,387.06,0,1,323
1060560,16,101,1230,323.01,386.06,0,1,190
1128677,17,101,1230,324.04,388.06,1,0,433
1113671,18,101,1230,320.13,388.06,1,0,366
1183465,19,101,1230,385.15,383.15,0,0,230
1218195,20,101,1230,385.15,383.15,0,0,109
1419504,21,101,1230,370.6,368.6,0,0,82
1222969,22,101,1230,389,388,0,0,175
1055845,23,101,1230,385.12,386.12,0,0,149
1163276,24,101,1230,389,388,0,0,177
1119167,25,101,1230,388,388,0,0,41
1116183,26,101,1230,383.21,382.21,0,0,215
1155466,27,101,1230,383.21,382.21,0,0,149
1095862,28,101,1230,407.4,408.4,0,0,134
1282633,29,101,1230,395.79,394.79,0,0,161
1106774,30,101,1230,389,390,0,0,121
1190325,31,101,1230,389,390,0,0,338
1003759,32,101,1230,389,389,0,0,189
1343557,33,101,1230,329.8,388,1,1,593
1079721,34,101,1230,338.53,390,0,0,365
1248390,35,101,1230,461.78,461.78,0,0,284
1298809,36,101,1230,484.09,482.09,0,0,67
1390370,37,101,1230,470.51,469.51,0,0,107
1234886,38,101,1230,475.33,469.51,0,1,108
1188020,39,101,1230,464.63,466.63,0,0,26
1243371,40,101,1230,469.48,470.48,0,0,121
1484148,41,101,1230,474.33,475.33,0,0,176
1450759,42,101,1230,474.33,476.33,0,0,148
1095977,43,101,1230,474.33,476.33,0,0,54
1211799,45,101,1230,468.57,466.57,0,0,13
1427280,46,101,1230,447.17,449.17,0,0,96
1463511,47,101,1230,476.33,476.33,0,0,40
1184631,48,101,1230,471.45,471.45,0,0,163
1053947,49,101,1230,291.97,470.45,1,1,838
1381760,50,101,1230,288.15,471.45,0,1,1012
1311653,51,101,1230,291.06,472.45,1,0,852
1496041,52,101,1230,288.12,470.45,1,0,904
1182385,53,101,1230,290.09,471.45,0,0,1147
1136005,54,101,1230,289.06,472.45,0,0,204
1264399,55,101,1230,470.51,470.51,0,0,109
1322900,56,101,1230,475.33,475.33,0,0,80
1337443,57,101,1230,461.72,463.72,0,0,230
1481439,58,101,1230,430.71,430.71,0,0,149
1203937,59,101,1230,461.72,461.72,0,0,189
1224400,60,101,1230,454.99,454.99,0,0,161
1443505,61,101,1230,454.93,455.93,0,0,67
1434541,62,101,1230,464.63,466.63,0,0,15
1424294,64,101,1230,464.63,466.63,0,0,96
1495499,65,101,1230,363.78,464.63,0,1,540
1167490,66,101,1230,364.72,464.63,0,1,229
1039531,67,101,1230,365.72,464.63,0,1,447
1311122,68,101,1230,464.63,466.63,0,0,161
1212289,69,101,1230,463.72,462.72,0,0,215
1082675,70,101,1230,460.75,460.75,0,0,177
1279090,71,101,1230,471.45,472.45,0,0,121
1208788,72,101,1230,432.68,430.68,0,0,95
1385464,73,101,1230,464.63,466.63,0,0,68
1257344,74,101,1230,449.17,449.17,0,0,188
1042864,75,101,1230,475.33,476.33,0,0,69
1286479,76,101,1230,464.63,466.63,0,0,136
1485151,77,101,1230,465.63,464.63,0,0,27
1490145,78,101,1230,456.87,456.87,0,0,175
1226381,79,101,1230,464.63,466.63,0,0,54
1446260,80,101,1230,385.15,465.63,0,0,256
1118528,81,101,1230,389,464.63,0,0,149
1180512,82,101,1230,389,466.63,0,0,176
1411542,83,101,1230,388.06,464.63,0,0,365
1351473,84,101,1230,385.15,465.63,0,0,150
1271956,85,101,1230,368.66,464.63,0,0,162
1351038,86,101,1230,380.27,379.27,0,0,94
1133201,87,101,1230,385.12,385.12,0,0,215
1129537,88,101,1230,385.12,386.12,0,0,148
1342693,89,101,1230,384.18,383.18,0,0,189
1167769,90,101,1230,377.39,375.39,0,0,40
1421425,91,101,1230,323.98,375.39,0,0,177
1228817,92,101,1230,316.28,377.39,0,0,298
1178721,93,101,1230,313.31,377.39,0,1,269
1358431,94,101,1230,316.25,376.39,0,0,310
1217210,95,101,1230,325.98,377.39,0,0,188
1416060,96,101,1230,320.16,377.39,0,0,514
1217235,97,101,1230,322.04,375.39,0,0,393
1457034,98,101,1230,324.98,323.98,0,0,202
1415621,99,101,1230,316.22,318.22,0,0,215
1395069,100,101,1230,323.04,322.04,0,0,634
1267671,101,101,1230,319.13,324.04,1,0,339
1071288,102,101,1230,321.07,322.04,0,1,607
1174656,103,101,1230,315.28,322.04,0,1,472
1313129,104,101,1230,322.07,323.07,0,0,339
1113372,105,101,1230,322.1,322.07,0,1,796
1003758,106,101,1230,490.85,489.85,0,0,108
1115347,107,101,1230,515.13,515.13,0,0,27
1381383,108,101,1230,488.91,489.91,0,0,53
1019628,109,101,1230,489.91,488.91,0,0,80
1081584,110,101,1230,320.1,488.91,0,1,703
1066362,111,101,1230,321.07,487.91,1,1,730
1312220,112,101,1230,322.1,488.91,0,1,472
1420964,113,101,1230,359.9,489.91,0,0,311
1343996,114,101,1230,354.05,489.91,0,0,310
1026934,115,101,1230,356.05,488.91,0,0,217
1213180,116,101,1230,359.93,487.91,0,0,96
1239591,117,101,1230,376.36,489.91,0,0,229
1290177,118,101,1230,390,390,0,0,270
1333669,119,101,1230,389.03,388.03,0,0,121
1148966,120,101,1230,389,389,0,0,188
1014719,121,101,1230,320.13,390,1,0,365
1009089,122,101,1230,508.28,509.28,0,0,135
1403088,123,101,1230,515.13,513.13,0,0,53
1016262,124,101,1230,390.94,514.13,0,0,163
1291847,125,101,1230,383.18,514.13,0,0,175
1461398,126,101,1230,388.06,514.13,0,0,352
1172495,127,101,1230,380.27,515.13,0,0,96
1478236,128,101,1230,388,515.13,0,0,107
1139549,129,101,1230,334.65,513.13,1,1,446
1382284,130,101,1230,338.53,513.13,0,1,406
1480891,131,101,1230,339.56,515.13,0,0,663
1298385,132,101,1230,342.44,515.13,0,1,540
1254538,133,101,1230,372.48,372.48,0,0,217
1194433,134,101,1230,385.09,386.09,0,0,189
1237473,135,101,1230,383.21,383.21,0,0,405
1459979,136,101,1230,382.24,382.24,0,0,269
1093936,137,101,1230,383.18,383.18,0,0,190
1275164,138,101,1230,386.09,386.09,0,0,81
1181198,139,101,1230,379.3,378.3,0,0,81
1094773,140,101,1230,382.24,381.24,0,0,244
1028815,141,101,1230,382.18,382.18,0,0,269
1463874,142,101,1230,386.12,386.12,0,0,134
1489041,143,101,1230,389,388,0,0,242
1137209,144,101,1230,388,389,0,0,256
1246111,145,101,1230,385.09,385.09,0,0,176
1153494,1,101,2322,324.04,376.39,0,0,1311
1241936,2,101,2322,320.13,376.39,0,1,959
1332076,3,101,2322,319.13,376.39,1,1,783
1443932,4,101,2322,318.16,375.39,0,1,566
1044414,5,101,2322,382.24,380.24,0,0,460
1253468,6,101,2322,383.15,385.15,0,0,311
1150207,7,101,2322,381.21,381.21,0,0,244
1461479,8,101,2322,388,388,0,0,67
1304988,9,101,2322,388,389,0,0,378
1347639,10,101,2322,383.21,382.21,0,0,244
1470208,11,101,2322,372.51,371.51,0,0,258
1453917,12,101,2322,390,388,0,0,176
1451960,13,101,2322,387.09,386.09,0,0,351
1442481,14,101,2322,323.04,385.09,1,0,593
1391593,15,101,2322,324.98,386.09,0,1,270
1316258,16,101,2322,329.86,385.09,0,0,377
1293260,17,101,2322,319.13,387.09,1,1,486
1058395,18,101,2322,320.13,386.09,1,1,730
1146804,19,101,2322,375.42,375.42,0,0,350
1487366,20,101,2322,367.63,369.63,0,0,202
1446513,21,101,2322,378.33,378.33,0,0,189
1247735,22,101,2322,387.09,387.09,0,0,310
1205564,23,101,2322,379.33,377.33,0,0,189
1488245,24,101,2322,382.18,383.18,0,0,256
1169106,25,101,2322,380.24,380.24,0,0,271
1012577,26,101,2322,390.91,392.91,0,0,351
1247510,27,101,2322,388,388,0,0,339
1411384,28,101,2322,386.06,388.06,0,0,269
1359274,29,101,2322,388,390,0,0,231
1074309,30,101,2322,388.06,387.06,0,0,215
1160813,31,101,2322,386.06,387.06,0,0,325
1387963,32,101,2322,387.03,389.03,0,0,393
1177729,33,101,2322,332.77,389.03,1,1,636
1095553,34,101,2322,335.62,389.03,0,1,338
1118711,35,101,2322,468.51,468.51,0,0,242
1437072,36,101,2322,466.6,465.6,0,0,215
1288354,37,101,2322,476.33,476.33,0,0,215
1407521,38,101,2322,450.14,450.14,0,0,148
1478758,39,101,2322,476.33,475.33,0,0,54
1052044,40,101,2322,463.69,463.69,0,0,109
1112774,41,101,2322,469.48,471.48,0,0,256
1214324,42,101,2322,476.33,474.33,0,0,122
1484738,43,101,2322,473.36,475.36,0,0,202
1473512,44,101,2322,476.33,475.33,0,0,229
1212832,45,101,2322,443.32,444.32,0,0,242
1392798,46,101,2322,470.51,468.51,0,0,107
1438525,47,101,2322,474.33,476.33,0,0,96
1369453,48,101,2322,464.69,463.69,0,0,312
1264740,49,101,2322,289.12,463.69,1,1,1160
1045097,50,101,2322,286.15,464.69,0,1,1228
1318185,51,101,2322,291.06,463.69,1,1,771
1206933,52,101,2322,293,462.69,1,1,1256
1017665,53,101,2322,295.85,463.69,0,1,1592
1002107,54,101,2322,287.12,463.69,0,1,1403
1326981,55,101,2322,452.05,451.05,0,0,108
1153842,56,101,2322,465.63,464.63,0,0,134
1338689,57,101,2322,464.63,465.63,0,0,190
1238853,58,101,2322,458.81,458.81,0,0,190
1485977,59,101,2322,458.84,458.84,0,0,175
1018657,60,101,2322,459.81,459.81,0,0,203
1212430,61,101,2322,461.78,461.78,0,0,122
1275051,64,101,2322,449.14,450.14,0,0,81
1020479,65,101,2322,364.72,449.14,0,1,689
1149883,66,101,2322,359.87,449.14,0,0,177
1397550,67,101,2322,373.45,449.14,0,1,553
1470623,68,101,2322,441.41,441.41,0,0,229
1238331,69,101,2322,459.78,461.78,0,0,242
1281356,70,101,2322,465.63,465.63,0,0,472
1167542,71,101,2322,457.9,457.9,0,0,149
1324715,72,101,2322,459.78,460.78,0,0,123
1051693,73,101,2322,465.63,464.63,0,0,150
1359016,74,101,2322,466.63,465.63,0,0,190
1442442,75,101,2322,459.78,461.78,0,0,121
1462482,76,101,2322,465.63,464.63,0,0,55
1303608,77,101,2322,462.72,463.72,0,0,203
1447809,78,101,2322,456.9,456.9,0,0,149
1494730,79,101,2322,466.63,466.63,0,0,67
1063800,80,101,2322,378.33,465.63,0,0,229
1251495,81,101,2322,386.06,464.63,0,0,256
1179548,82,101,2322,378.33,466.63,0,0,204
1374060,83,101,2322,385.12,465.63,0,0,269
1123309,84,101,2322,386.06,466.63,0,0,325
1346876,85,101,2322,389,466.63,0,0,190
1294239,86,101,2322,374.45,373.45,0,0,149
1474877,87,101,2322,382.18,382.18,0,0,365
1376066,88,101,2322,390.94,391.94,0,0,175
1132477,89,101,2322,380.3,378.3,0,0,283
1236756,90,101,2322,390,389,0,0,55
1027019,91,101,2322,313.34,389,0,0,149
1352897,92,101,2322,315.25,389,0,0,460
1010444,93,101,2322,319.16,388,0,0,176
1098257,94,101,2322,319.19,388,0,0,325
1340048,95,101,2322,324.98,389,0,0,244
1366896,96,101,2322,321.1,389,0,0,296
1240356,97,101,2322,335.68,333.68,0,0,258
1360024,98,101,2322,321.1,322.1,0,0,216
1298686,99,101,2322,320.13,321.13,0,0,364
1178292,100,101,2322,324.04,324.04,0,0,661
1053959,101,101,2322,322.07,323.04,1,0,539
1385838,102,101,2322,324.04,322.04,0,1,595
1374699,103,101,2322,315.28,316.28,0,0,283
1078009,104,101,2322,322.07,323.07,0,0,364
1120362,105,101,2322,319.16,318.16,0,0,609
1188665,106,101,2322,502.52,501.52,0,0,121
1020972,107,101,2322,496.64,498.64,0,0,13
1343552,109,101,2322,508.31,508.31,0,0,108
1220414,110,101,2322,315.25,507.31,0,1,526
1474082,111,101,2322,326.95,508.31,1,1,473
1398518,112,101,2322,320.13,507.31,0,1,324
1211918,113,101,2322,344.35,509.31,0,0,190
1088288,114,101,2322,351.14,508.31,0,0,231
1088413,115,101,2322,349.23,507.31,0,0,203
1262058,116,101,2322,358.93,508.31,0,0,134
1330685,117,101,2322,382.18,508.31,0,0,339
1025582,118,101,2322,388,388,0,0,244
1029672,119,101,2322,387.03,389.03,0,0,431
1218560,120,101,2322,389,389,0,0,310
1414989,121,101,2322,323.01,388,1,1,350
1274257,122,101,2322,513.13,513.13,0,0,177
1124563,123,101,2322,489.91,488.91,0,0,53
1201368,124,101,2322,389,489.91,0,0,148
1363443,125,101,2322,385.12,487.91,0,0,121
1379691,126,101,2322,381.27,489.91,0,0,311
1171954,127,101,2322,376.36,489.91,0,0,216
1425567,128,101,2322,386.06,488.91,0,0,339
1169991,129,101,2322,336.65,487.91,1,1,647
1005462,130,101,2322,337.56,487.91,0,1,528
1223708,131,101,2322,339.53,489.91,0,0,782
1490679,132,101,2322,339.56,487.91,0,1,485
1463964,133,101,2322,381.24,380.24,0,0,188
1354572,134,101,2322,386.12,384.12,0,0,296
1123853,135,101,2322,379.27,381.27,0,0,473
1164470,136,101,2322,382.24,382.24,0,0,270
1358537,137,101,2322,375.45,373.45,0,0,324
1003199,138,101,2322,385.12,385.12,0,0,53
1374616,139,101,2322,387.09,386.09,0,0,136
1450096,140,101,2322,381.27,381.27,0,0,284
1405301,141,101,2322,385.12,384.12,0,0,285
1488250,142,101,2322,390,388,0,0,216
1261486,143,101,2322,385.12,384.12,0,0,258
1297148,144,101,2322,385.12,385.12,0,0,420
1067124,145,101,2322,384.12,386.12,0,0,310
